
========================================
≡ƒº¬ TESTING ENQUIRY NOTIFICATION SYSTEM
========================================

≡ƒôï Test Data:
{
  "name": "John Doe",
  "email": "john@example.com",
  "phone": "9876543210",
  "date": "2025-12-25",
  "guests": 4,
  "message": "I would like to book this boat for Christmas",
  "boatName": "Royal 2 Bedroom Premium"
}


≡ƒô▒ Testing WhatsApp Notification...
----------------------------------------

========================================
≡ƒô▒ WHATSAPP NOTIFICATION TO OWNER
========================================
To: 8547964084

Message:
≡ƒÜñ *New Enquiry Received*

*Boat:* Royal 2 Bedroom Premium
*Customer:* John Doe
*Phone:* 9876543210
*Email:* john@example.com
*Date:* Thursday, 25 December 2025
*Guests:* 4 person(s)
*Message:* I would like to book this boat for Christmas

_This is an automated notification from Yaami Holidays._

wa.me Link: https://wa.me/8547964084?text=%F0%9F%9A%A4%20*New%20Enquiry%20Received*%0A%0A*Boat%3A*%20Royal%202%20Bedroom%20Premium%0A*Customer%3A*%20John%20Doe%0A*Phone%3A*%209876543210%0A*Email%3A*%20john%40example.com%0A*Date%3A*%20Thursday%2C%2025%20December%202025%0A*Guests%3A*%204%20person(s)%0A*Message%3A*%20I%20would%20like%20to%20book%20this%20boat%20for%20Christmas%0A%0A_This%20is%20an%20automated%20notification%20from%20Yaami%20Holidays._
========================================

Γ£à WhatsApp notification logged successfully

≡ƒôº Testing Email Notification...
----------------------------------------
node : Γ¥î Email notification 
failed: Invalid login: 535-5.7.8 
Username and Password not accepted. 
For more information, go to
At line:1 char:1
+ node test-full-notifications.js > 
test-output.txt 2>&1
+ ~~~~~~~~~~~~~~~~~~~~~~~~~~~~~~~~~~
~~~~~~~~~~~~~~~~~~~~
    + CategoryInfo          : NotSp 
   ecified: (Γ¥î Email notif...orm  
  ation, go to:String) [], Remote   
 Exception
    + FullyQualifiedErrorId : Nativ 
   eCommandError
 
535 5.7.8  https://support.google.co
m/mail/?p=BadCredentials d9443c01a73
36-29eea016ac2sm16689625ad.49 - 
gsmtp
   ΓÜá∩╕Å  Gmail App Password may 
be incorrect or not set

========================================
Γ£à TEST COMPLETE
========================================

≡ƒô¥ Next Steps:
1. Check yaamiholidays@gmail.com inbox for email
2. Look for WhatsApp notification details above
3. If email failed, update EMAIL_PASS in .env with Gmail App Password
4. Restart the backend server to apply changes

